fruit
vegetable
apple
banana
orange
grapes
watermelon
strawberry
blueberry
raspberry
cherry
peach
minecraft netherite
pear
pineapple
mango
kiwi
lemon
lime
grapefruit
plum
apricot
nectarine
avocado
coconut
fig
pomegranate
papaya
tangerine
tomato
cucumber
carrot
potato
sweet potato
yam
spinach
kale
lettuce
cabbage
broccoli
cauliflower
brussels sprouts
asparagus
green beans
peas
corn
bell pepper
chili pepper
jalapeno
onion
garlic
ginger
mushroom
zucchini
squash
pumpkin
eggplant
artichoke
beet
radish
celery
fennel
chives
parsley
basil
cilantro
dill
mint
rosemary
thyme
oregano
bay leaves
cinnamon
nutmeg
cloves
allspice
cardamom
vanilla
chocolate
cocoa
bread
baguette
croissant
bagel
muffin
scone
donut
roll
bun
biscuit
toast
pancake
waffle
crepe
tortilla
pita
naan
rice
brown rice
white rice
wild rice
quinoa
barley
oatmeal
porridge
pasta
spaghetti
macaroni
lasagna
ravioli
fettuccine
gnocchi
risotto
pizza
burger
cheeseburger
cheese burger
hotdog
hot dog
sandwich
sub
wrap
taco
burrito
quesadilla
enchilada
tamale
chimichanga
sushi
sashimi
tempura
ramen
udon
soba
pho
curry
tandoori
kebab
gyro
falafel
hummus
tahini
baba ghanoush
shawarma
shakshuka
couscous
tabbouleh
paella
jambalaya
gumbo
chili
stew
soup
bisque
chowder
broth
consomme
stock
goulash
borscht
gazpacho
salad
caesar salad
greek salad
cobb salad
chef salad
tuna salad
chicken salad
egg salad
pasta salad
potato salad
coleslaw
vinaigrette
ranch dressing
blue cheese dressing
thousand island dressing
honey mustard dressing
balsamic dressing
vinaigrette
olive oil
coconut oil
butter
margarine
mayonnaise
ketchup
mustard
relish
salsa
guacamole
sour cream
cheese
cheddar cheese
mozzarella cheese
parmesan cheese
gouda cheese
swiss cheese
brie
camembert
feta
goat cheese
cream cheese
blue cheese
cottage cheese
yogurt
ice cream
gelato
sorbet
sherbet
pudding
custard
pie
apple pie
cherry pie
pumpkin pie
pecan pie
key lime pie
chocolate cake
vanilla cake
cheesecake
brownie
cookie
chocolate chip cookie
oatmeal cookie
sugar cookie
peanut butter cookie
gingerbread cookie
shortbread cookie
macaroon
macaron
cupcake
doughnut
torte
poptart
tart
éclair
profiterole
croquembouche
crepe
pancake
waffle
scone
muffin
banana bread
zucchini bread
cornbread
breadstick
cracker
pretzel
popcorn
chips
nachos
salsa
guacamole
queso
hummus
bean dip
artichoke dip
spinach dip
onion dip
buffalo chicken dip
seven-layer dip
bruschetta
crostini
tapenade
deviled eggs
stuffed mushrooms
shrimp cocktail
chicken wings
buffalo wings
bbq wings
teriyaki wings
fries
french fries
fried chicken
chicken tenders
chicken nuggets
chicken sandwich
chicken wrap
chicken salad
chicken soup
chicken stew
chicken curry
chicken tikka masala
chicken kebab
chicken shawarma
chicken gyro
chicken fajita
chicken burrito
chicken taco
chicken quesadilla
chicken enchilada
roast chicken
grilled chicken
baked chicken
braised chicken
poached chicken
fried chicken
stuffed chicken
chicken parmesan
chicken cordon bleu
chicken marsala
chicken piccata
chicken fricassee
chicken pot pie
chicken and dumplings
chicken fried steak
chicken and waffles
chicken chili
chicken jambalaya
chicken ramen
